>> inline | tiles/sand.png (256x256) seed=201 model=flux
  prompt: warm sandy beach floor, classic GBA-era 48x48 pixel art top-down tile, polished 16-bit RPG...
  OK 18 KB in 2.0s
>> inline | tiles/grass.png (256x256) seed=202 model=flux
  prompt: lush green grass field, classic GBA-era 48x48 pixel art top-down tile, polished 16-bit RPG...
  OK 16 KB in 90.0s
>> inline | tiles/grass_tall.png (256x256) seed=203 model=flux
  prompt: tall green grass with darker tufts as wild encounter zone, classic GBA-era 48x48 pixel art...
  OK 17 KB in 89.8s
>> inline | tiles/path.png (256x256) seed=204 model=flux
  prompt: packed dirt walking path, classic GBA-era 48x48 pixel art top-down tile, polished 16-bit R...
  OK 23 KB in 89.5s
>> inline | tiles/path_stone.png (256x256) seed=205 model=flux
  prompt: grey cobblestone path, classic GBA-era 48x48 pixel art top-down tile, polished 16-bit RPG ...
  OK 20 KB in 91.3s
>> inline | tiles/pier.png (256x256) seed=206 model=flux
  prompt: weathered wooden pier planks running horizontally, classic GBA-era 48x48 pixel art top-dow...
  OK 17 KB in 90.3s
>> inline | tiles/pier_edge.png (256x256) seed=207 model=flux
  prompt: wooden pier plank meeting dark teal water, classic GBA-era 48x48 pixel art top-down tile, ...
  OK 17 KB in 87.3s
>> inline | tiles/sea_deep.png (256x256) seed=208 model=flux
  prompt: deep teal blue sea water with subtle wave dithering, classic GBA-era 48x48 pixel art top-d...
  OK 19 KB in 92.0s
>> inline | tiles/sea_shallow.png (256x256) seed=209 model=flux
  prompt: shallow turquoise sea water with light pixel sparkles, classic GBA-era 48x48 pixel art top...
  OK 22 KB in 87.9s
>> inline | tiles/shore_foam.png (256x256) seed=210 model=flux
  prompt: white wave foam edge meeting beach, classic GBA-era 48x48 pixel art top-down tile, polishe...
  OK 18 KB in 91.2s
>> inline | tiles/crate.png (256x256) seed=211 model=flux
  prompt: single brown wooden crate centered on grass background, classic GBA-era 48x48 pixel art to...
  OK 19 KB in 87.9s
